============================================================
Ministry Questions Endpoints Testing
============================================================

=== 1. Testing POST /exams/ministry-questions/ ===
Status Code: 201
venv\Scripts\python : Traceback (most recent call last):
At line:1 char:1
+ venv\Scripts\python test_ministry_questions.py 2>&1 | 
Tee-Object -Fil ...
+ ~~~~~~~~~~~~~~~~~~~~~~~~~~~~~~~~~~~~~~~~~~~~~~~~~~~
    + CategoryInfo          : NotSpecified: (Traceback (most rece 
   nt call last)::String) [], RemoteException
    + FullyQualifiedErrorId : NativeCommandError
 
  File 
"C:\Users\lenovo\ML\ustadih_rag\test_ministry_questions.py", line 
30, in test_add_ministry_question
    print(f"\u2713 Math question added successfully")
  File "C:\Users\lenovo\AppData\Local\Programs\Python\Python311\Li
b\encodings\cp1256.py", line 19, in encode
    return 
codecs.charmap_encode(input,self.errors,encoding_table)[0]
           ^^^^^^^^^^^^^^^^^^^^^^^^^^^^^^^^^^^^^^^^^^^^^^^^^^^^^^^
UnicodeEncodeError: 'charmap' codec can't encode character 
'\u2713' in position 0: character maps to <undefined>

During handling of the above exception, another exception 
occurred:

Traceback (most recent call last):
  File 
"C:\Users\lenovo\ML\ustadih_rag\test_ministry_questions.py", line 
185, in <module>
    test_add_ministry_question()
  File 
"C:\Users\lenovo\ML\ustadih_rag\test_ministry_questions.py", line 
37, in test_add_ministry_question
    print(f"\u2717 Error: {e}")
  File "C:\Users\lenovo\AppData\Local\Programs\Python\Python311\Li
b\encodings\cp1256.py", line 19, in encode
    return 
codecs.charmap_encode(input,self.errors,encoding_table)[0]
           ^^^^^^^^^^^^^^^^^^^^^^^^^^^^^^^^^^^^^^^^^^^^^^^^^^^^^^^
UnicodeEncodeError: 'charmap' codec can't encode character 
'\u2717' in position 0: character maps to <undefined>
